../Drivers/CMSIS/Include/core_cm0.h:623:22:__NVIC_EnableIRQ	16	static
../Drivers/CMSIS/Include/core_cm0.h:730:22:__NVIC_SetPriority	24	static
../Core/Src/main.c:207:5:main	8	static
../Core/Src/main.c:267:6:SystemClock_Config	112	static
../Core/Src/main.c:310:13:MX_USART2_UART_Init	8	static
../Core/Src/main.c:345:13:MX_GPIO_Init	16	static
../Core/Src/main.c:359:6:killSwitch_Handler	24	static
../Core/Src/main.c:382:6:CabinLights_and_BuzzerDriver	8	static
../Core/Src/main.c:410:6:SetWait	16	static
../Core/Src/main.c:417:6:ResetWait	16	static
../Core/Src/main.c:421:6:EXTI0_1_IRQHandler	8	static
../Core/Src/main.c:428:10:debounceSwitch	48	static
../Core/Src/main.c:459:6:EXTI_Init	8	static
../Core/Src/main.c:478:7:Avg_and_remove_outliers_V_Supply	24	static
../Core/Src/main.c:495:7:Avg_and_remove_outliers_V_in	24	static
../Core/Src/main.c:512:6:sense_V_supply	32	static
../Core/Src/main.c:535:6:sense_V_in	32	static
../Core/Src/main.c:560:7:adcValtoVolts	32	static
../Core/Src/main.c:567:6:LED_init	8	static
../Core/Src/main.c:574:5:time_expired	24	static
../Core/Src/main.c:584:6:Precharge	8	static
../Core/Src/main.c:618:6:ConfigureVoltageSourcePin	8	static
../Core/Src/main.c:642:6:adc_init	8	static
../Core/Src/main.c:669:10:read_adc	24	static
../Core/Src/main.c:685:6:SysTick_Init	16	static
../Core/Src/main.c:703:6:DelayMSW	24	static
../Core/Src/main.c:711:6:SysTick_Handler	8	static
../Core/Src/main.c:725:6:Voltage_Print	24	static
../Core/Src/main.c:733:6:printTimestamp	8	static
../Core/Src/main.c:738:7:Average	32	static
../Core/Src/main.c:754:6:supplySenseLoop	8	static
../Core/Src/main.c:766:6:PreChargeRelayCTRL	16	static
../Core/Src/main.c:774:6:ContactorRelayCTRL	16	static
../Core/Src/main.c:782:5:PreChargeRelayIsON	16	static
../Core/Src/main.c:792:5:VoltageInRange	24	static
../Core/Src/main.c:802:6:FrontLightRelayCTRL	16	static
../Core/Src/main.c:810:6:BackLightRelayCTRL	16	static
../Core/Src/main.c:818:6:DickeyLightRelayCTRL	16	static
../Core/Src/main.c:826:6:BuzzerCTRL	16	static
../Core/Src/main.c:834:6:BuzzerDriver	8	static
../Core/Src/main.c:842:6:ConfigureOutputPins	8	static
../Core/Src/main.c:866:6:ConfigureInputPins	8	static
../Core/Src/main.c:883:5:Check_Front_Door_Switches	32	static
../Core/Src/main.c:900:5:Check_Rear_Door_Switches	32	static
../Core/Src/main.c:916:5:Check_Dickey_Door_Switch	24	static
../Core/Src/main.c:929:5:Check_Motor_Drive_Signal	8	static
../Core/Src/main.c:937:5:Check_Cab_On_Door_Signal	8	static
../Core/Src/main.c:951:6:Error_Handler	8	static,ignoring_inline_asm
