../Drivers/CMSIS/Include/core_cm0.h:623:22:__NVIC_EnableIRQ	16	static
../Drivers/CMSIS/Include/core_cm0.h:730:22:__NVIC_SetPriority	24	static
../Core/Src/main.c:189:5:main	8	static
../Core/Src/main.c:249:6:SystemClock_Config	112	static
../Core/Src/main.c:292:13:MX_USART2_UART_Init	8	static
../Core/Src/main.c:327:13:MX_GPIO_Init	16	static
../Core/Src/main.c:341:6:killSwitch_Handler	24	static
../Core/Src/main.c:363:6:CabinLights_and_BuzzerDriver	8	static
../Core/Src/main.c:391:6:SetWaitTwoSec	8	static
../Core/Src/main.c:398:6:SetWaitOneMilliSec	8	static
../Core/Src/main.c:405:6:SetWaitTwoMilliSec	8	static
../Core/Src/main.c:412:6:SetWaitThreeMilliSec	8	static
../Core/Src/main.c:419:6:SetWaitOneSec	8	static
../Core/Src/main.c:426:6:SetWait3RC	8	static
../Core/Src/main.c:433:6:SetWait7RC	8	static
../Core/Src/main.c:440:6:EXTI0_1_IRQHandler	8	static
../Core/Src/main.c:447:10:debounceSwitch	32	static
../Core/Src/main.c:474:6:EXTI_Init	8	static
../Core/Src/main.c:493:7:Avg_and_remove_outliers_V_Supply	24	static
../Core/Src/main.c:510:7:Avg_and_remove_outliers_V_in	24	static
../Core/Src/main.c:527:6:sense_V_supply	32	static
../Core/Src/main.c:550:6:sense_V_in	32	static
../Core/Src/main.c:576:7:adcValtoVolts	32	static
../Core/Src/main.c:583:6:LED_init	8	static
../Core/Src/main.c:590:5:time_expired	24	static
../Core/Src/main.c:600:6:Precharge	8	static
../Core/Src/main.c:634:6:ConfigureVoltageSourcePin	8	static
../Core/Src/main.c:658:6:adc_init	8	static
../Core/Src/main.c:685:10:read_adc	24	static
../Core/Src/main.c:701:6:SysTick_Init	16	static
../Core/Src/main.c:719:6:DelayMSW	24	static
../Core/Src/main.c:727:6:SysTick_Handler	8	static
../Core/Src/main.c:741:6:Voltage_Print	24	static
../Core/Src/main.c:749:6:printTimestamp	8	static
../Core/Src/main.c:754:7:Average	32	static
../Core/Src/main.c:770:6:supplySenseLoop	8	static
../Core/Src/main.c:782:6:PreChargeRelayCTRL	16	static
../Core/Src/main.c:790:6:ContactorRelayCTRL	16	static
../Core/Src/main.c:798:5:PreChargeRelayIsON	16	static
../Core/Src/main.c:808:5:VoltageInRange	24	static
../Core/Src/main.c:818:6:FrontLightRelayCTRL	16	static
../Core/Src/main.c:826:6:BackLightRelayCTRL	16	static
../Core/Src/main.c:834:6:DickeyLightRelayCTRL	16	static
../Core/Src/main.c:842:6:BuzzerCTRL	16	static
../Core/Src/main.c:850:6:BuzzerDriver	8	static
../Core/Src/main.c:858:6:ConfigureOutputPins	8	static
../Core/Src/main.c:882:6:ConfigureInputPins	8	static
../Core/Src/main.c:899:5:Check_Front_Door_Switches	32	static
../Core/Src/main.c:916:5:Check_Rear_Door_Switches	32	static
../Core/Src/main.c:933:5:Check_Dickey_Door_Switch	24	static
../Core/Src/main.c:947:5:Check_Motor_Drive_Signal	8	static
../Core/Src/main.c:955:5:Check_Cab_On_Door_Signal	8	static
../Core/Src/main.c:969:6:Error_Handler	8	static,ignoring_inline_asm
