../Drivers/CMSIS/Include/core_cm0.h:623:22:__NVIC_EnableIRQ	16	static
../Drivers/CMSIS/Include/core_cm0.h:730:22:__NVIC_SetPriority	24	static
../Core/Src/main.c:207:5:main	8	static
../Core/Src/main.c:267:6:SystemClock_Config	112	static
../Core/Src/main.c:310:13:MX_USART2_UART_Init	8	static
../Core/Src/main.c:345:13:MX_GPIO_Init	16	static
../Core/Src/main.c:359:6:killSwitch_Handler	24	static
../Core/Src/main.c:382:6:CabinLights_and_BuzzerDriver	8	static
../Core/Src/main.c:416:6:SetWait	16	static
../Core/Src/main.c:423:6:ResetWait	16	static
../Core/Src/main.c:427:6:EXTI0_1_IRQHandler	8	static
../Core/Src/main.c:434:10:debounceSwitch	48	static
../Core/Src/main.c:465:6:EXTI_Init	8	static
../Core/Src/main.c:484:7:Avg_and_remove_outliers_V_Supply	24	static
../Core/Src/main.c:501:7:Avg_and_remove_outliers_V_in	24	static
../Core/Src/main.c:518:6:sense_V_supply	32	static
../Core/Src/main.c:541:6:sense_V_in	32	static
../Core/Src/main.c:566:7:adcValtoVolts	32	static
../Core/Src/main.c:573:6:LED_init	8	static
../Core/Src/main.c:580:5:time_expired	24	static
../Core/Src/main.c:590:6:Precharge	8	static
../Core/Src/main.c:624:6:ConfigureVoltageSourcePin	8	static
../Core/Src/main.c:648:6:adc_init	8	static
../Core/Src/main.c:675:10:read_adc	24	static
../Core/Src/main.c:691:6:SysTick_Init	16	static
../Core/Src/main.c:709:6:DelayMSW	24	static
../Core/Src/main.c:717:6:SysTick_Handler	8	static
../Core/Src/main.c:731:6:Voltage_Print	24	static
../Core/Src/main.c:739:6:printTimestamp	8	static
../Core/Src/main.c:744:7:Average	32	static
../Core/Src/main.c:760:6:supplySenseLoop	8	static
../Core/Src/main.c:772:6:PreChargeRelayCTRL	16	static
../Core/Src/main.c:780:6:ContactorRelayCTRL	16	static
../Core/Src/main.c:788:5:PreChargeRelayIsON	16	static
../Core/Src/main.c:798:5:VoltageInRange	24	static
../Core/Src/main.c:808:6:FrontLightRelayCTRL	16	static
../Core/Src/main.c:816:6:BackLightRelayCTRL	16	static
../Core/Src/main.c:824:6:DickeyLightRelayCTRL	16	static
../Core/Src/main.c:832:6:BuzzerCTRL	16	static
../Core/Src/main.c:840:6:BuzzerDriver	8	static
../Core/Src/main.c:848:6:ConfigureOutputPins	8	static
../Core/Src/main.c:872:6:ConfigureInputPins	8	static
../Core/Src/main.c:889:5:Check_Front_Door_Switches	32	static
../Core/Src/main.c:906:5:Check_Rear_Door_Switches	32	static
../Core/Src/main.c:922:5:Check_Dickey_Door_Switch	24	static
../Core/Src/main.c:935:5:Check_Motor_Drive_Signal	8	static
../Core/Src/main.c:943:5:Check_Cab_On_Door_Signal	8	static
../Core/Src/main.c:957:6:Error_Handler	8	static,ignoring_inline_asm
